// Jest Snapshot v1, https://goo.gl/fbAQLP

exports[`Pruebas en GifItem debe mostrar match con el snapshot 1`] = `
<div>
  <div
    class="card"
  >
    <img
      alt="Spiderman"
      src="https://spider-man.com/spidery.jpg"
    />
    <h3>
      Spiderman
    </h3>
  </div>
</div>
`;
